// Jest Snapshot v1, https://goo.gl/fbAQLP

exports[`ActionCircleCounter component Renders without crashing... 1`] = `
ShallowWrapper {
  "length": 1,
  Symbol(enzyme.__root__): [Circular],
  Symbol(enzyme.__unrendered__): <ActionCircleCounter
    counter={7}
/>,
  Symbol(enzyme.__renderer__): Object {
    "batchedUpdates": [Function],
    "getNode": [Function],
    "render": [Function],
    "simulateEvent": [Function],
    "unmount": [Function],
  },
  Symbol(enzyme.__node__): Object {
    "instance": null,
    "key": undefined,
    "nodeType": "host",
    "props": Object {
      "children": Array [
        <div
          className="circle-counter-number"
>
          7
</div>,
        <div
          className="circle-counter-cr"
>
          circles remaining
</div>,
      ],
      "className": "text-center",
    },
    "ref": null,
    "rendered": Array [
      Object {
        "instance": null,
        "key": undefined,
        "nodeType": "host",
        "props": Object {
          "children": 7,
          "className": "circle-counter-number",
        },
        "ref": null,
        "rendered": 7,
        "type": "div",
      },
      Object {
        "instance": null,
        "key": undefined,
        "nodeType": "host",
        "props": Object {
          "children": "circles remaining",
          "className": "circle-counter-cr",
        },
        "ref": null,
        "rendered": "circles remaining",
        "type": "div",
      },
    ],
    "type": "div",
  },
  Symbol(enzyme.__nodes__): Array [
    Object {
      "instance": null,
      "key": undefined,
      "nodeType": "host",
      "props": Object {
        "children": Array [
          <div
            className="circle-counter-number"
>
            7
</div>,
          <div
            className="circle-counter-cr"
>
            circles remaining
</div>,
        ],
        "className": "text-center",
      },
      "ref": null,
      "rendered": Array [
        Object {
          "instance": null,
          "key": undefined,
          "nodeType": "host",
          "props": Object {
            "children": 7,
            "className": "circle-counter-number",
          },
          "ref": null,
          "rendered": 7,
          "type": "div",
        },
        Object {
          "instance": null,
          "key": undefined,
          "nodeType": "host",
          "props": Object {
            "children": "circles remaining",
            "className": "circle-counter-cr",
          },
          "ref": null,
          "rendered": "circles remaining",
          "type": "div",
        },
      ],
      "type": "div",
    },
  ],
  Symbol(enzyme.__options__): Object {
    "adapter": ReactSixteenAdapter {
      "options": Object {
        "enableComponentDidUpdateOnSetState": true,
      },
    },
  },
}
`;
