// Jest Snapshot v1, https://goo.gl/fbAQLP

exports[`ActionCircle component Renders without crashing... 1`] = `
ShallowWrapper {
  "length": 1,
  Symbol(enzyme.__root__): [Circular],
  Symbol(enzyme.__unrendered__): <ActionCircle
    isOccupied={false}
    item={
        Object {
            "fillColor": Object {
              "color": "#fff",
            },
            "key": 0,
          }
    }
    onClick={[Function]}
/>,
  Symbol(enzyme.__renderer__): Object {
    "batchedUpdates": [Function],
    "getNode": [Function],
    "render": [Function],
    "simulateEvent": [Function],
    "unmount": [Function],
  },
  Symbol(enzyme.__node__): Object {
    "instance": null,
    "key": undefined,
    "nodeType": "host",
    "props": Object {
      "children": <Circle
        className="animated pulse"
        fill={
                Object {
                        "color": "#fff",
                      }
        }
        r={50}
        stroke={
                Object {
                        "color": "transparent",
                      }
        }
        strokeWidth={3}
/>,
      "id": 0,
      "onClick": [Function],
    },
    "ref": null,
    "rendered": Object {
      "instance": null,
      "key": undefined,
      "nodeType": "class",
      "props": Object {
        "className": "animated pulse",
        "fill": Object {
          "color": "#fff",
        },
        "r": 50,
        "stroke": Object {
          "color": "transparent",
        },
        "strokeWidth": 3,
      },
      "ref": null,
      "rendered": null,
      "type": [Function],
    },
    "type": "a",
  },
  Symbol(enzyme.__nodes__): Array [
    Object {
      "instance": null,
      "key": undefined,
      "nodeType": "host",
      "props": Object {
        "children": <Circle
          className="animated pulse"
          fill={
                    Object {
                              "color": "#fff",
                            }
          }
          r={50}
          stroke={
                    Object {
                              "color": "transparent",
                            }
          }
          strokeWidth={3}
/>,
        "id": 0,
        "onClick": [Function],
      },
      "ref": null,
      "rendered": Object {
        "instance": null,
        "key": undefined,
        "nodeType": "class",
        "props": Object {
          "className": "animated pulse",
          "fill": Object {
            "color": "#fff",
          },
          "r": 50,
          "stroke": Object {
            "color": "transparent",
          },
          "strokeWidth": 3,
        },
        "ref": null,
        "rendered": null,
        "type": [Function],
      },
      "type": "a",
    },
  ],
  Symbol(enzyme.__options__): Object {
    "adapter": ReactSixteenAdapter {
      "options": Object {
        "enableComponentDidUpdateOnSetState": true,
      },
    },
  },
}
`;
